ASxxxx Linker V03.00 + NoICE + sdld,  page 1.
Hexadecimal  [32-Bits]

Area                                    Addr        Size        Decimal Bytes (Attributes)
--------------------------------        ----        ----        ------- ----- ------------
.  .ABS.                            00000000    00000000 =           0. bytes (ABS,CON)

      Value  Global                              Global Defined In Module
      -----  --------------------------------   ------------------------
     00000000  .__.ABS.                           SetTileMap
     00000000  _rRAMG                             
     00000000  l__BASE                         
     00000000  l__BSS                          
     00000000  l__CABS                         
     00000000  l__CODE_0                       
     00000000  l__CRASH_HEADER                 
     00000000  l__CRASH_SCRATCH                
     00000000  l__DABS                         
     00000000  l__HEADER                       
     00000000  l__HEADER_LCD                   
     00000000  l__HEADER_SIO                   
     00000000  l__HEADER_TIMER                 
     00000000  l__HEAP                         
     00000000  l__HRAM                         
     00000000  l__LIT                          
     00000000  s__CABS                         
     00000000  s__CRASH_HEADER                 
     00000000  s__CRASH_HEADER0                
     00000000  s__CRASH_HEADER1                
     00000000  s__CRASH_SCRATCH                
     00000000  s__CRASH_SCRATCH2               
     00000000  s__DABS                         
     00000000  s__HEADER                       
     00000000  s__HEADER0                      
     00000000  s__HEADER1                      
     00000000  s__HEADER10                     
     00000000  s__HEADER11                     
     00000000  s__HEADER2                      
     00000000  s__HEADER3                      
     00000000  s__HEADER4                      
     00000000  s__HEADER5                      
     00000000  s__HEADER6                      
     00000000  s__HEADER7                      
     00000000  s__HEADER8                      
     00000000  s__HEADER9                      
     00000000  s__HEADER_LCD                   
     00000000  s__HEADER_LCD0                  
     00000000  s__HEADER_SIO                   
     00000000  s__HEADER_SIO0                  
     00000000  s__HEADER_TIMER                 
     00000000  s__HEADER_TIMER0                
     00000000  s__HEADERa                      
     00000000  s__HEADERb                      
     00000000  s__HEADERc                      
     00000000  s__HEADERd                      
     00000000  s__HEADERe                      
     00000000  s__HEADERf                      
     00000000  s__HRAM                         
     00000000  s__HRAM12                       
ASxxxx Linker V03.00 + NoICE + sdld,  page 2.
Hexadecimal  [32-Bits]

Area                                    Addr        Size        Decimal Bytes (Attributes)
--------------------------------        ----        ----        ------- ----- ------------
.  .ABS.                            00000000    00000000 =           0. bytes (ABS,CON)

      Value  Global                              Global Defined In Module
      -----  --------------------------------   ------------------------
     00000001  b_activate_actor                   actor
     00000001  b_activate_actors_in_col           actor
     00000001  b_activate_actors_in_row           actor
     00000001  b_actor_at_tile                    actor
     00000001  b_actor_get_frame_offset           actor
     00000001  b_actor_in_front_of_player         actor
     00000001  b_actor_overlapping_bb             actor
     00000001  b_actor_overlapping_player         actor
     00000001  b_actor_set_anim_idle              actor
     00000001  b_actor_set_anim_moving            actor
     00000001  b_actor_set_dir                    actor
     00000001  b_actor_set_frame_offset           actor
     00000001  b_actor_set_frames                 actor
     00000001  b_actors_handle_player_collision   actor
     00000001  b_actors_init                      actor
     00000001  b_camera_init                      camera
     00000001  b_camera_reset                     camera
     00000001  b_check_collision_in_direction     actor
     00000001  b_deactivate_actor                 actor
     00000001  b_parallax_init                    parallax
     00000001  b_player_init                      actor
     00000001  b_remove_LCD_ISRs                  interrupts
     00000001  b_scroll_init                      scroll
     00000001  b_scroll_repaint                   scroll
     00000001  b_scroll_reset                     scroll
     00000001  b_scroll_update                    scroll
     00000001  b_ui_draw_frame                    ui
     00000001  b_ui_draw_text_buffer_char         ui
     00000001  b_ui_init                          ui
     00000001  b_ui_load_tiles                    ui
     00000001  b_ui_run_menu                      ui
     00000001  b_ui_run_modal                     ui
     00000001  l__GSFINAL                      
     00000001  l__HEADER0                      
     00000001  l__HEADER11                     
     00000001  l__HEADER9                      
     00000001  l__HEADERa                      
     00000001  l__HEADERb                      
     00000001  l__HEADERd                      
     00000001  l__HEADERe                      
     00000002  b_camera_shake_frames              vm_camera
     00000002  b_itoa_fmt                         vm_ui_a
     00000002  b_script_execute                   vm
     00000002  b_script_runner_init               vm
     00000002  b_script_terminate                 vm
     00000002  b_scroll_rect                      
     00000002  b_vm_actor_activate                vm_actor
     00000002  b_vm_actor_deactivate              vm_actor
     00000002  b_vm_actor_emote                   vm_actor
     00000002  b_vm_actor_get_angle               vm_actor
     00000002  b_vm_actor_get_anim_frame          vm_actor
ASxxxx Linker V03.00 + NoICE + sdld,  page 3.
Hexadecimal  [32-Bits]

Area                                    Addr        Size        Decimal Bytes (Attributes)
--------------------------------        ----        ----        ------- ----- ------------
.  .ABS.                            00000000    00000000 =           0. bytes (ABS,CON)

      Value  Global                              Global Defined In Module
      -----  --------------------------------   ------------------------
     00000002  b_vm_actor_get_dir                 vm_actor
     00000002  b_vm_actor_get_pos                 vm_actor
     00000002  b_vm_actor_move_to                 vm_actor
     00000002  b_vm_actor_replace_tile            vm_actor
     00000002  b_vm_actor_set_anim                vm_actor
     00000002  b_vm_actor_set_anim_frame          vm_actor
     00000002  b_vm_actor_set_anim_set            vm_actor
     00000002  b_vm_actor_set_anim_tick           vm_actor
     00000002  b_vm_actor_set_bounds              vm_actor
     00000002  b_vm_actor_set_coll_enabled        vm_actor
     00000002  b_vm_actor_set_dir                 vm_actor
     00000002  b_vm_actor_set_hidden              vm_actor
     00000002  b_vm_actor_set_move_speed          vm_actor
     00000002  b_vm_actor_set_pos                 vm_actor
     00000002  b_vm_actor_set_spritesheet         vm_actor
     00000002  b_vm_actor_set_spritesheet_by_re   vm_actor
     00000002  b_vm_actor_terminate_update        vm_actor
     00000002  b_vm_call                          vm
     00000002  b_vm_call_far                      vm
     00000002  b_vm_call_rel                      vm
     00000002  b_vm_camera_move_to                vm_camera
     00000002  b_vm_camera_set_pos                vm_camera
     00000002  b_vm_choice                        vm_ui
     00000002  b_vm_context_prepare               vm_gameboy
     00000002  b_vm_cos_scale                     vm_math
     00000002  b_vm_display_text                  vm_ui
     00000002  b_vm_fade                          vm_gameboy
     00000002  b_vm_get_indirect                  vm
     00000002  b_vm_get_int16                     vm
     00000002  b_vm_get_int8                      vm
     00000002  b_vm_get_tile_xy                   vm_gameboy
     00000002  b_vm_get_tlocal                    vm
     00000002  b_vm_get_uint8                     vm
     00000002  b_vm_idle                          vm
     00000002  b_vm_if                            vm
     00000002  b_vm_if_const                      vm
     00000002  b_vm_input_attach                  vm_gameboy
     00000002  b_vm_input_detach                  vm_gameboy
     00000002  b_vm_input_get                     vm_gameboy
     00000002  b_vm_input_wait                    vm_gameboy
     00000002  b_vm_invoke                        vm
     00000002  b_vm_join                          vm
     00000002  b_vm_jump                          vm
     00000002  b_vm_jump_rel                      vm
     00000002  b_vm_load_cursor                   vm_ui
     00000002  b_vm_load_frame                    vm_ui
     00000002  b_vm_load_palette                  vm_palette
     00000002  b_vm_lock                          vm
     00000002  b_vm_loop                          vm
     00000002  b_vm_loop_rel                      vm
     00000002  b_vm_memcpy                        vm
ASxxxx Linker V03.00 + NoICE + sdld,  page 4.
Hexadecimal  [32-Bits]

Area                                    Addr        Size        Decimal Bytes (Attributes)
--------------------------------        ----        ----        ------- ----- ------------
.  .ABS.                            00000000    00000000 =           0. bytes (ABS,CON)

      Value  Global                              Global Defined In Module
      -----  --------------------------------   ------------------------
     00000002  b_vm_memset                        vm
     00000002  b_vm_music_mute                    vm_music
     00000002  b_vm_music_play                    vm_music
     00000002  b_vm_music_routine                 vm_music
     00000002  b_vm_music_setpos                  vm_music
     00000002  b_vm_music_stop                    vm_music
     00000002  b_vm_overlay_clear                 vm_ui
     00000002  b_vm_overlay_hide                  vm_ui
     00000002  b_vm_overlay_move_to               vm_ui
     00000002  b_vm_overlay_scroll                vm_ui
     00000002  b_vm_overlay_set_scroll            vm_ui
     00000002  b_vm_overlay_set_submap            vm_ui
     00000002  b_vm_overlay_setpos                vm_ui
     00000002  b_vm_overlay_show                  vm_ui
     00000002  b_vm_overlay_wait                  vm_ui
     00000002  b_vm_poll                          vm_gameboy
     00000002  b_vm_poll_loaded                   vm
     00000002  b_vm_pop                           vm
     00000002  b_vm_projectile_launch             vm_projectiles
     00000002  b_vm_push                          vm
     00000002  b_vm_push_reference                vm
     00000002  b_vm_push_value                    vm
     00000002  b_vm_push_value_ind                vm
     00000002  b_vm_raise                         vm
     00000002  b_vm_rand                          vm
     00000002  b_vm_randomize                     vm
     00000002  b_vm_replace_tile                  vm_gameboy
     00000002  b_vm_replace_tile_xy               vm_gameboy
     00000002  b_vm_reserve                       vm
     00000002  b_vm_ret                           vm
     00000002  b_vm_ret_far                       vm
     00000002  b_vm_rtc_get                       vm_rtc
     00000002  b_vm_rtc_latch                     vm_rtc
     00000002  b_vm_rtc_set                       vm_rtc
     00000002  b_vm_rtc_start                     vm_rtc
     00000002  b_vm_rumble                        vm_gameboy
     00000002  b_vm_save_clear                    vm_load_save
     00000002  b_vm_save_peek                     vm_load_save
     00000002  b_vm_scene_pop                     vm_scene
     00000002  b_vm_scene_pop_all                 vm_scene
     00000002  b_vm_scene_push                    vm_scene
     00000002  b_vm_scene_stack_reset             vm_scene
     00000002  b_vm_set                           vm
     00000002  b_vm_set_const                     vm
     00000002  b_vm_set_const_int16               vm
     00000002  b_vm_set_const_int8                vm
     00000002  b_vm_set_font                      vm_ui
     00000002  b_vm_set_indirect                  vm
     00000002  b_vm_set_int16                     vm
     00000002  b_vm_set_int8                      vm
     00000002  b_vm_set_print_dir                 vm_ui
ASxxxx Linker V03.00 + NoICE + sdld,  page 5.
Hexadecimal  [32-Bits]

Area                                    Addr        Size        Decimal Bytes (Attributes)
--------------------------------        ----        ----        ------- ----- ------------
.  .ABS.                            00000000    00000000 =           0. bytes (ABS,CON)

      Value  Global                              Global Defined In Module
      -----  --------------------------------   ------------------------
     00000002  b_vm_set_sprite_mode               vm_gameboy
     00000002  b_vm_set_sprites_visible           vm_gameboy
     00000002  b_vm_set_text_sound                vm_ui
     00000002  b_vm_set_uint8                     vm
     00000002  b_vm_sin_scale                     vm_math
     00000002  b_vm_sio_exchange                  vm_sio
     00000002  b_vm_sio_set_mode                  vm_sio
     00000002  b_vm_sound_mastervol               vm_music
     00000002  b_vm_sound_play                    vm_music
     00000002  b_vm_switch_text_layer             vm_ui
     00000002  b_vm_systime                       vm
     00000002  b_vm_terminate                     vm
     00000002  b_vm_test_terminate                vm
     00000002  b_vm_timer_prepare                 vm_gameboy
     00000002  b_vm_timer_reset                   vm_gameboy
     00000002  b_vm_timer_set                     vm_gameboy
     00000002  b_vm_timer_stop                    vm_gameboy
     00000002  b_vm_unlock                        vm
     00000002  b_vm_wave_play                     vm_music
     00000002  b_wait_frames                      vm
     00000002  l__HEADER5                      
     00000002  l__HEADERc                      
     00000002  l__HEADERf                      
     00000003  b_adventure_init                   adventure
     00000003  b_adventure_update                 adventure
     00000003  b_logo_init                        logo
     00000003  b_logo_update                      logo
     00000003  b_platform_init                    platform
     00000003  b_platform_update                  platform
     00000003  b_pointnclick_init                 pointnclick
     00000003  b_pointnclick_update               pointnclick
     00000003  b_shmup_init                       shmup
     00000003  b_shmup_update                     shmup
     00000003  b_topdown_init                     topdown
     00000003  b_topdown_update                   topdown
     00000003  l__HEADER8                      
     00000003  l__HEADER_LCD0                  
     00000003  l__HRAM12                       
     00000004  b_CGBZeroPalette                   palette
     00000004  b_SIO_init                         sio
     00000004  b_core_reset                       core
     00000004  b_core_run                         core
     00000004  b_data_clear                       load_save
     00000004  b_data_init                        load_save
     00000004  b_data_load                        load_save
     00000004  b_data_peek                        load_save
     00000004  b_data_save                        load_save
     00000004  b_do_load_palette                  data_manager
     00000004  b_events_init                      events
     00000004  b_fade_applypalettechange          fade_manager
     00000004  b_fade_in                          fade_manager
ASxxxx Linker V03.00 + NoICE + sdld,  page 6.
Hexadecimal  [32-Bits]

Area                                    Addr        Size        Decimal Bytes (Attributes)
--------------------------------        ----        ----        ------- ----- ------------
.  .ABS.                            00000000    00000000 =           0. bytes (ABS,CON)

      Value  Global                              Global Defined In Module
      -----  --------------------------------   ------------------------
     00000004  b_fade_in_modal                    fade_manager
     00000004  b_fade_init                        fade_manager
     00000004  b_fade_out                         fade_manager
     00000004  b_fade_out_modal                   fade_manager
     00000004  b_fade_setspeed                    fade_manager
     00000004  b_fade_update                      fade_manager
     00000004  b_input_init                       input
     00000004  b_load_background                  data_manager
     00000004  b_load_bkg_tileset                 data_manager
     00000004  b_load_bounds                      data_manager
     00000004  b_load_emote                       data_manager
     00000004  b_load_init                        data_manager
     00000004  b_load_player                      data_manager
     00000004  b_load_scene                       data_manager
     00000004  b_load_sprite                      data_manager
     00000004  b_music_events_poll                music_manager
     00000004  b_music_init                       music_manager
     00000004  b_music_stop                       music_manager
     00000004  b_palette_init                     palette
     00000004  b_projectile_launch                projectiles
     00000004  b_projectiles_init                 projectiles
     00000004  b_restore_sram                     flasher
     00000004  b_restore_sram_bank                flasher
     00000004  b_save_sram                        flasher
     00000004  b_set_sample                       sample_player
     00000004  b_set_sgb_border                   sgb_border
     00000004  b_sound_init                       music_manager
     00000004  b_sound_play                       music_manager
     00000004  b_timers_init                      events
     00000004  b_trigger_activate_at              trigger
     00000004  b_trigger_activate_at_intersecti   trigger
     00000004  b_trigger_at_intersection          trigger
     00000004  b_trigger_at_tile                  trigger
     00000004  b_trigger_interact                 trigger
     00000004  b_trigger_reset                    trigger
     00000004  b_wave_play                        music_manager
     00000004  l__CRASH_HEADER1                
     00000004  l__HEADER_SIO0                  
     00000004  l__HEADER_TIMER0                
     00000005  ___bank_scene_10_collisions        scene_10_collisions
     00000005  ___bank_scene_11_collisions        scene_11_collisions
     00000005  ___bank_scene_12_collisions        scene_12_collisions
     00000005  ___bank_scene_8_sprites            scene_8_sprites
     00000005  ___bank_tileset_11                 tileset_11
     00000005  ___bank_tileset_5                  tileset_5
     00000005  l__CRASH_HEADER0                
     00000005  l__HEADER1                      
     00000006  ___bank_scene_14_collisions        scene_14_collisions
     00000006  ___bank_scene_2_actors             scene_2_actors
     00000006  ___bank_scene_2_collisions         scene_2_collisions
     00000006  ___bank_scene_3_collisions         scene_3_collisions
ASxxxx Linker V03.00 + NoICE + sdld,  page 7.
Hexadecimal  [32-Bits]

Area                                    Addr        Size        Decimal Bytes (Attributes)
--------------------------------        ----        ----        ------- ----- ------------
.  .ABS.                            00000000    00000000 =           0. bytes (ABS,CON)

      Value  Global                              Global Defined In Module
      -----  --------------------------------   ------------------------
     00000006  ___bank_script_s5t0_interact       script_s5t0_interact
     00000006  ___bank_tileset_4                  tileset_4
     00000006  l__HEADER7                      
     00000007  ___bank_scene_4_collisions         scene_4_collisions
     00000007  ___bank_scene_5_collisions         scene_5_collisions
     00000007  ___bank_scene_8_collisions         scene_8_collisions
     00000007  ___bank_tileset_2                  tileset_2
     00000007  ___bank_tileset_3                  tileset_3
     00000007  l__HEADER2                      
     00000008  ___bank_scene_13_collisions        scene_13_collisions
     00000008  ___bank_scene_9_collisions         scene_9_collisions
     00000008  ___bank_tilemap_0                  tilemap_0
     00000008  ___bank_tilemap_1                  tilemap_1
     00000008  ___bank_tileset_10                 tileset_10
     00000008  ___bank_tileset_13                 tileset_13
     00000008  ___bank_tileset_7                  tileset_7
     00000008  l__HEADER3                      
     00000009  ___bank_scene_13_sprites           scene_13_sprites
     00000009  ___bank_script_s12_init            script_s12_init
     00000009  ___bank_tilemap_2                  tilemap_2
     00000009  ___bank_tilemap_5                  tilemap_5
     00000009  ___bank_tilemap_6                  tilemap_6
     00000009  ___bank_tilemap_8                  tilemap_8
     00000009  ___bank_tilemap_attr_3             tilemap_attr_3
     00000009  ___bank_tileset_12                 tileset_12
     0000000A  ___bank_scene_0_collisions         scene_0_collisions
     0000000A  ___bank_scene_12_actors            scene_12_actors
     0000000A  ___bank_scene_14_actors            scene_14_actors
     0000000A  ___bank_script_s9_init             script_s9_init
     0000000A  ___bank_tilemap_attr_0             tilemap_attr_0
     0000000A  ___bank_tilemap_attr_2             tilemap_attr_2
     0000000A  ___bank_tileset_1                  tileset_1
     0000000B  ___bank_font_0                     font_0
     0000000B  ___bank_music_track_0__Data        music_track_0__Data
     0000000B  ___bank_scene_10_actors            scene_10_actors
     0000000B  ___bank_scene_11_actors            scene_11_actors
     0000000B  ___bank_scene_3_actors             scene_3_actors
     0000000B  ___bank_scene_4_actors             scene_4_actors
     0000000B  ___bank_scene_5_actors             scene_5_actors
     0000000B  ___bank_scene_8_actors             scene_8_actors
     0000000B  ___bank_scene_9_actors             scene_9_actors
     0000000B  ___bank_script_init_weapons        script_init_weapons
     0000000B  ___bank_script_s4a15_interact      script_s4a15_interact
     0000000B  ___bank_tileset_0                  tileset_0
     0000000C  ___bank_frame_image                frame_image
     0000000C  ___bank_palette_0                  palette_0
     0000000C  ___bank_palette_1                  palette_1
     0000000C  ___bank_palette_2                  palette_2
     0000000C  ___bank_palette_3                  palette_3
     0000000C  ___bank_palette_4                  palette_4
     0000000C  ___bank_palette_5                  palette_5
ASxxxx Linker V03.00 + NoICE + sdld,  page 8.
Hexadecimal  [32-Bits]

Area                                    Addr        Size        Decimal Bytes (Attributes)
--------------------------------        ----        ----        ------- ----- ------------
.  .ABS.                            00000000    00000000 =           0. bytes (ABS,CON)

      Value  Global                              Global Defined In Module
      -----  --------------------------------   ------------------------
     0000000C  ___bank_palette_6                  palette_6
     0000000C  ___bank_palette_7                  palette_7
     0000000C  ___bank_scene_12_sprites           scene_12_sprites
     0000000C  ___bank_scene_1_collisions         scene_1_collisions
     0000000C  ___bank_scene_6_collisions         scene_6_collisions
     0000000C  ___bank_scene_7_collisions         scene_7_collisions
     0000000C  ___bank_script_enemy_ship_destro   script_enemy_ship_destroy
     0000000C  ___bank_script_enemy_ship_moveme   script_enemy_ship_movement_d
     0000000C  ___bank_script_enemy_ship_moveme   script_enemy_ship_movement_d
     0000000C  ___bank_script_enemy_ship_moveme   script_enemy_ship_movement_d
     0000000C  ___bank_script_enemy_ship_moveme   script_enemy_ship_movement_d
     0000000C  ___bank_script_enemy_ship_moveme   script_enemy_ship_movement_d
     0000000C  ___bank_script_enemy_ship_moveme   script_enemy_ship_movement_d
     0000000C  ___bank_script_enemy_ship_moveme   script_enemy_ship_movement_v
     0000000C  ___bank_script_engine_init         
     0000000C  ___bank_script_s0_init             script_s0_init
     0000000C  ___bank_script_s10_init            script_s10_init
     0000000C  ___bank_script_s10_p_hit1          script_s10_p_hit1
     0000000C  ___bank_script_s10a0_interact      script_s10a0_interact
     0000000C  ___bank_script_s10a10_interact     script_s10a10_interact
     0000000C  ___bank_script_s10a11_interact     script_s10a11_interact
     0000000C  ___bank_script_s10a12_interact     script_s10a12_interact
     0000000C  ___bank_script_s10a13_interact     script_s10a13_interact
     0000000C  ___bank_script_s10a14_interact     script_s10a14_interact
     0000000C  ___bank_script_s10a1_interact      script_s10a1_interact
     0000000C  ___bank_script_s10a2_interact      script_s10a2_interact
     0000000C  ___bank_script_s10a3_interact      script_s10a3_interact
     0000000C  ___bank_script_s10a4_interact      script_s10a4_interact
     0000000C  ___bank_script_s10a5_interact      script_s10a5_interact
     0000000C  ___bank_script_s10a6_interact      script_s10a6_interact
     0000000C  ___bank_script_s10a7_interact      script_s10a7_interact
     0000000C  ___bank_script_s10a8_interact      script_s10a8_interact
     0000000C  ___bank_script_s10a9_interact      script_s10a9_interact
     0000000C  ___bank_script_s10t0_interact      script_s10t0_interact
     0000000C  ___bank_script_s11_init            script_s11_init
     0000000C  ___bank_script_s11_p_hit1          script_s11_p_hit1
     0000000C  ___bank_script_s11a0_interact      script_s11a0_interact
     0000000C  ___bank_script_s11a10_interact     script_s11a10_interact
     0000000C  ___bank_script_s11a11_interact     script_s11a11_interact
     0000000C  ___bank_script_s11a12_interact     script_s11a12_interact
     0000000C  ___bank_script_s11a13_interact     script_s11a13_interact
     0000000C  ___bank_script_s11a14_interact     script_s11a14_interact
     0000000C  ___bank_script_s11a15_interact     script_s11a15_interact
     0000000C  ___bank_script_s11a16_interact     script_s11a16_interact
     0000000C  ___bank_script_s11a1_interact      script_s11a1_interact
     0000000C  ___bank_script_s11a2_interact      script_s11a2_interact
     0000000C  ___bank_script_s11a3_interact      script_s11a3_interact
     0000000C  ___bank_script_s11a4_interact      script_s11a4_interact
     0000000C  ___bank_script_s11a5_interact      script_s11a5_interact
     0000000C  ___bank_script_s11a6_interact      script_s11a6_interact
     0000000C  ___bank_script_s11a7_interact      script_s11a7_interact
ASxxxx Linker V03.00 + NoICE + sdld,  page 9.
Hexadecimal  [32-Bits]

Area                                    Addr        Size        Decimal Bytes (Attributes)
--------------------------------        ----        ----        ------- ----- ------------
.  .ABS.                            00000000    00000000 =           0. bytes (ABS,CON)

      Value  Global                              Global Defined In Module
      -----  --------------------------------   ------------------------
     0000000C  ___bank_script_s11a8_interact      script_s11a8_interact
     0000000C  ___bank_script_s11a9_interact      script_s11a9_interact
     0000000C  ___bank_script_s11t0_interact      script_s11t0_interact
     0000000C  ___bank_script_s12_p_hit1          script_s12_p_hit1
     0000000C  ___bank_script_s12a0_interact      script_s12a0_interact
     0000000C  ___bank_script_s12a10_interact     script_s12a10_interact
     0000000C  ___bank_script_s12a11_interact     script_s12a11_interact
     0000000C  ___bank_script_s12a12_interact     script_s12a12_interact
     0000000C  ___bank_script_s12a13_interact     script_s12a13_interact
     0000000C  ___bank_script_s12a14_interact     script_s12a14_interact
     0000000C  ___bank_script_s12a15_interact     script_s12a15_interact
     0000000C  ___bank_script_s12a16_interact     script_s12a16_interact
     0000000C  ___bank_script_s12a17_interact     script_s12a17_interact
     0000000C  ___bank_script_s12a18_interact     script_s12a18_interact
     0000000C  ___bank_script_s12a19_interact     script_s12a19_interact
     0000000C  ___bank_script_s12a1_interact      script_s12a1_interact
     0000000C  ___bank_script_s12a2_interact      script_s12a2_interact
     0000000C  ___bank_script_s12a3_interact      script_s12a3_interact
     0000000C  ___bank_script_s12a4_interact      script_s12a4_interact
     0000000C  ___bank_script_s12a5_interact      script_s12a5_interact
     0000000C  ___bank_script_s12a6_interact      script_s12a6_interact
     0000000C  ___bank_script_s12a7_interact      script_s12a7_interact
     0000000C  ___bank_script_s12a8_interact      script_s12a8_interact
     0000000C  ___bank_script_s12a9_interact      script_s12a9_interact
     0000000C  ___bank_script_s12t0_interact      script_s12t0_interact
     0000000C  ___bank_script_s13_init            script_s13_init
     0000000C  ___bank_script_s13a0_interact      script_s13a0_interact
     0000000C  ___bank_script_s14_init            script_s14_init
     0000000C  ___bank_script_s14_p_hit1          script_s14_p_hit1
     0000000C  ___bank_script_s14a0_interact      script_s14a0_interact
     0000000C  ___bank_script_s14a10_interact     script_s14a10_interact
     0000000C  ___bank_script_s14a11_interact     script_s14a11_interact
     0000000C  ___bank_script_s14a12_interact     script_s14a12_interact
     0000000C  ___bank_script_s14a1_interact      script_s14a1_interact
     0000000C  ___bank_script_s14t0_interact      script_s14t0_interact
     0000000C  ___bank_script_s1_init             script_s1_init
     0000000C  ___bank_script_s2_init             script_s2_init
     0000000C  ___bank_script_s2_p_hit1           script_s2_p_hit1
     0000000C  ___bank_script_s2t0_interact       script_s2t0_interact
     0000000C  ___bank_script_s3_init             script_s3_init
     0000000C  ___bank_script_s3_p_hit1           script_s3_p_hit1
     0000000C  ___bank_script_s3t0_interact       script_s3t0_interact
     0000000C  ___bank_script_s4_init             script_s4_init
     0000000C  ___bank_script_s4_p_hit1           script_s4_p_hit1
     0000000C  ___bank_script_s4t0_interact       script_s4t0_interact
     0000000C  ___bank_script_s5_init             script_s5_init
     0000000C  ___bank_script_s5_p_hit1           script_s5_p_hit1
     0000000C  ___bank_script_s6_init             script_s6_init
     0000000C  ___bank_script_s7_init             script_s7_init
     0000000C  ___bank_script_s8_init             script_s8_init
     0000000C  ___bank_script_s8_p_hit1           script_s8_p_hit1
ASxxxx Linker V03.00 + NoICE + sdld,  page 10.
Hexadecimal  [32-Bits]

Area                                    Addr        Size        Decimal Bytes (Attributes)
--------------------------------        ----        ----        ------- ----- ------------
.  .ABS.                            00000000    00000000 =           0. bytes (ABS,CON)

      Value  Global                              Global Defined In Module
      -----  --------------------------------   ------------------------
     0000000C  ___bank_script_s8t0_interact       script_s8t0_interact
     0000000C  ___bank_script_s9_p_hit1           script_s9_p_hit1
     0000000C  ___bank_script_s9a12_interact      script_s9a12_interact
     0000000C  ___bank_script_s9a15_interact      script_s9a15_interact
     0000000C  ___bank_script_s9a1_interact       script_s9a1_interact
     0000000C  ___bank_script_s9t0_interact       script_s9t0_interact
     0000000C  ___bank_script_turnip_movement     script_turnip_movement
     0000000C  ___bank_spritesheet_0              spritesheet_0
     0000000C  ___bank_spritesheet_1              spritesheet_1
     0000000C  ___bank_spritesheet_2              spritesheet_2
     0000000C  ___bank_spritesheet_3              spritesheet_3
     0000000C  ___bank_spritesheet_4              spritesheet_4
     0000000C  ___bank_spritesheet_6              spritesheet_6
     0000000C  ___bank_spritesheet_7              spritesheet_7
     0000000C  ___bank_spritesheet_9              spritesheet_9
     0000000C  ___bank_tilemap_3                  tilemap_3
     0000000C  ___bank_tilemap_4                  tilemap_4
     0000000C  ___bank_tilemap_7                  tilemap_7
     0000000C  ___bank_tilemap_9                  tilemap_9
     0000000C  ___bank_tilemap_attr_1             tilemap_attr_1
     0000000C  ___bank_tilemap_attr_4             tilemap_attr_4
     0000000C  ___bank_tileset_14                 tileset_14
     0000000C  ___bank_tileset_15                 tileset_15
     0000000C  ___bank_tileset_16                 tileset_16
     0000000C  ___bank_tileset_6                  tileset_6
     0000000C  ___bank_tileset_8                  tileset_8
     0000000C  ___bank_tileset_9                  tileset_9
     0000000C  __start_save                    
     0000000D  ___bank_background_0               background_0
     0000000D  ___bank_background_1               background_1
     0000000D  ___bank_background_10              background_10
     0000000D  ___bank_background_11              background_11
     0000000D  ___bank_background_2               background_2
     0000000D  ___bank_background_3               background_3
     0000000D  ___bank_background_4               background_4
     0000000D  ___bank_background_5               background_5
     0000000D  ___bank_background_6               background_6
     0000000D  ___bank_background_7               background_7
     0000000D  ___bank_background_8               background_8
     0000000D  ___bank_background_9               background_9
     0000000D  ___bank_bootstrap_script           
     0000000D  ___bank_cursor_image               cursor_image
     0000000D  ___bank_scene_0                    scene_0
     0000000D  ___bank_scene_1                    scene_1
     0000000D  ___bank_scene_10                   scene_10
     0000000D  ___bank_scene_10_projectiles       scene_10_projectiles
     0000000D  ___bank_scene_10_sprites           scene_10_sprites
     0000000D  ___bank_scene_10_triggers          scene_10_triggers
     0000000D  ___bank_scene_11                   scene_11
     0000000D  ___bank_scene_11_projectiles       scene_11_projectiles
     0000000D  ___bank_scene_11_sprites           scene_11_sprites
ASxxxx Linker V03.00 + NoICE + sdld,  page 11.
Hexadecimal  [32-Bits]

Area                                    Addr        Size        Decimal Bytes (Attributes)
--------------------------------        ----        ----        ------- ----- ------------
.  .ABS.                            00000000    00000000 =           0. bytes (ABS,CON)

      Value  Global                              Global Defined In Module
      -----  --------------------------------   ------------------------
     0000000D  ___bank_scene_11_triggers          scene_11_triggers
     0000000D  ___bank_scene_12                   scene_12
     0000000D  ___bank_scene_12_projectiles       scene_12_projectiles
     0000000D  ___bank_scene_12_triggers          scene_12_triggers
     0000000D  ___bank_scene_13                   scene_13
     0000000D  ___bank_scene_13_actors            scene_13_actors
     0000000D  ___bank_scene_13_projectiles       scene_13_projectiles
     0000000D  ___bank_scene_14                   scene_14
     0000000D  ___bank_scene_14_projectiles       scene_14_projectiles
     0000000D  ___bank_scene_14_sprites           scene_14_sprites
     0000000D  ___bank_scene_14_triggers          scene_14_triggers
     0000000D  ___bank_scene_2                    scene_2
     0000000D  ___bank_scene_2_projectiles        scene_2_projectiles
     0000000D  ___bank_scene_2_sprites            scene_2_sprites
     0000000D  ___bank_scene_2_triggers           scene_2_triggers
     0000000D  ___bank_scene_3                    scene_3
     0000000D  ___bank_scene_3_projectiles        scene_3_projectiles
     0000000D  ___bank_scene_3_sprites            scene_3_sprites
     0000000D  ___bank_scene_3_triggers           scene_3_triggers
     0000000D  ___bank_scene_4                    scene_4
     0000000D  ___bank_scene_4_projectiles        scene_4_projectiles
     0000000D  ___bank_scene_4_sprites            scene_4_sprites
     0000000D  ___bank_scene_4_triggers           scene_4_triggers
     0000000D  ___bank_scene_5                    scene_5
     0000000D  ___bank_scene_5_projectiles        scene_5_projectiles
     0000000D  ___bank_scene_5_sprites            scene_5_sprites
     0000000D  ___bank_scene_5_triggers           scene_5_triggers
     0000000D  ___bank_scene_6                    scene_6
     0000000D  ___bank_scene_6_triggers           scene_6_triggers
     0000000D  ___bank_scene_7                    scene_7
     0000000D  ___bank_scene_7_triggers           scene_7_triggers
     0000000D  ___bank_scene_8                    scene_8
     0000000D  ___bank_scene_8_projectiles        scene_8_projectiles
     0000000D  ___bank_scene_8_triggers           scene_8_triggers
     0000000D  ___bank_scene_9                    scene_9
     0000000D  ___bank_scene_9_projectiles        scene_9_projectiles
     0000000D  ___bank_scene_9_sprites            scene_9_sprites
     0000000D  ___bank_scene_9_triggers           scene_9_triggers
     0000000D  ___bank_script_enemy_ship_hit_pl   script_enemy_ship_hit_player
     0000000D  ___bank_script_input_0             script_input_0
     0000000D  ___bank_script_s10a0_update        script_s10a0_update
     0000000D  ___bank_script_s10a10_update       script_s10a10_update
     0000000D  ___bank_script_s10a11_update       script_s10a11_update
     0000000D  ___bank_script_s10a12_update       script_s10a12_update
     0000000D  ___bank_script_s10a13_update       script_s10a13_update
     0000000D  ___bank_script_s10a14_update       script_s10a14_update
     0000000D  ___bank_script_s10a1_update        script_s10a1_update
     0000000D  ___bank_script_s10a2_update        script_s10a2_update
     0000000D  ___bank_script_s10a3_update        script_s10a3_update
     0000000D  ___bank_script_s10a4_update        script_s10a4_update
     0000000D  ___bank_script_s10a5_update        script_s10a5_update
ASxxxx Linker V03.00 + NoICE + sdld,  page 12.
Hexadecimal  [32-Bits]

Area                                    Addr        Size        Decimal Bytes (Attributes)
--------------------------------        ----        ----        ------- ----- ------------
.  .ABS.                            00000000    00000000 =           0. bytes (ABS,CON)

      Value  Global                              Global Defined In Module
      -----  --------------------------------   ------------------------
     0000000D  ___bank_script_s10a6_update        script_s10a6_update
     0000000D  ___bank_script_s10a7_update        script_s10a7_update
     0000000D  ___bank_script_s10a8_update        script_s10a8_update
     0000000D  ___bank_script_s10a9_update        script_s10a9_update
     0000000D  ___bank_script_s11a0_update        script_s11a0_update
     0000000D  ___bank_script_s11a10_update       script_s11a10_update
     0000000D  ___bank_script_s11a11_update       script_s11a11_update
     0000000D  ___bank_script_s11a12_update       script_s11a12_update
     0000000D  ___bank_script_s11a13_update       script_s11a13_update
     0000000D  ___bank_script_s11a14_update       script_s11a14_update
     0000000D  ___bank_script_s11a15_update       script_s11a15_update
     0000000D  ___bank_script_s11a16_update       script_s11a16_update
     0000000D  ___bank_script_s11a1_update        script_s11a1_update
     0000000D  ___bank_script_s11a2_update        script_s11a2_update
     0000000D  ___bank_script_s11a3_update        script_s11a3_update
     0000000D  ___bank_script_s11a4_update        script_s11a4_update
     0000000D  ___bank_script_s11a5_update        script_s11a5_update
     0000000D  ___bank_script_s11a6_update        script_s11a6_update
     0000000D  ___bank_script_s11a7_update        script_s11a7_update
     0000000D  ___bank_script_s11a8_update        script_s11a8_update
     0000000D  ___bank_script_s11a9_update        script_s11a9_update
     0000000D  ___bank_script_s12a0_update        script_s12a0_update
     0000000D  ___bank_script_s12a10_update       script_s12a10_update
     0000000D  ___bank_script_s12a11_update       script_s12a11_update
     0000000D  ___bank_script_s12a12_update       script_s12a12_update
     0000000D  ___bank_script_s12a13_update       script_s12a13_update
     0000000D  ___bank_script_s12a14_update       script_s12a14_update
     0000000D  ___bank_script_s12a15_update       script_s12a15_update
     0000000D  ___bank_script_s12a16_update       script_s12a16_update
     0000000D  ___bank_script_s12a17_update       script_s12a17_update
     0000000D  ___bank_script_s12a18_update       script_s12a18_update
     0000000D  ___bank_script_s12a19_update       script_s12a19_update
     0000000D  ___bank_script_s12a1_update        script_s12a1_update
     0000000D  ___bank_script_s12a2_update        script_s12a2_update
     0000000D  ___bank_script_s12a3_update        script_s12a3_update
     0000000D  ___bank_script_s12a4_update        script_s12a4_update
     0000000D  ___bank_script_s12a5_update        script_s12a5_update
     0000000D  ___bank_script_s12a6_update        script_s12a6_update
     0000000D  ___bank_script_s12a7_update        script_s12a7_update
     0000000D  ___bank_script_s12a8_update        script_s12a8_update
     0000000D  ___bank_script_s12a9_update        script_s12a9_update
     0000000D  ___bank_script_s13a0_update        script_s13a0_update
     0000000D  ___bank_script_s14a0_update        script_s14a0_update
     0000000D  ___bank_script_s14a10_update       script_s14a10_update
     0000000D  ___bank_script_s14a11_update       script_s14a11_update
     0000000D  ___bank_script_s14a12_update       script_s14a12_update
     0000000D  ___bank_script_s14a13_interact     script_s14a13_interact
     0000000D  ___bank_script_s14a13_update       script_s14a13_update
     0000000D  ___bank_script_s14a14_interact     script_s14a14_interact
     0000000D  ___bank_script_s14a14_update       script_s14a14_update
     0000000D  ___bank_script_s14a15_interact     script_s14a15_interact
ASxxxx Linker V03.00 + NoICE + sdld,  page 13.
Hexadecimal  [32-Bits]

Area                                    Addr        Size        Decimal Bytes (Attributes)
--------------------------------        ----        ----        ------- ----- ------------
.  .ABS.                            00000000    00000000 =           0. bytes (ABS,CON)

      Value  Global                              Global Defined In Module
      -----  --------------------------------   ------------------------
     0000000D  ___bank_script_s14a15_update       script_s14a15_update
     0000000D  ___bank_script_s14a16_interact     script_s14a16_interact
     0000000D  ___bank_script_s14a16_update       script_s14a16_update
     0000000D  ___bank_script_s14a17_interact     script_s14a17_interact
     0000000D  ___bank_script_s14a17_update       script_s14a17_update
     0000000D  ___bank_script_s14a18_interact     script_s14a18_interact
     0000000D  ___bank_script_s14a18_update       script_s14a18_update
     0000000D  ___bank_script_s14a19_interact     script_s14a19_interact
     0000000D  ___bank_script_s14a19_update       script_s14a19_update
     0000000D  ___bank_script_s14a1_update        script_s14a1_update
     0000000D  ___bank_script_s14a2_interact      script_s14a2_interact
     0000000D  ___bank_script_s14a2_update        script_s14a2_update
     0000000D  ___bank_script_s14a3_interact      script_s14a3_interact
     0000000D  ___bank_script_s14a3_update        script_s14a3_update
     0000000D  ___bank_script_s14a4_interact      script_s14a4_interact
     0000000D  ___bank_script_s14a4_update        script_s14a4_update
     0000000D  ___bank_script_s14a5_interact      script_s14a5_interact
     0000000D  ___bank_script_s14a5_update        script_s14a5_update
     0000000D  ___bank_script_s14a6_interact      script_s14a6_interact
     0000000D  ___bank_script_s14a6_update        script_s14a6_update
     0000000D  ___bank_script_s14a7_interact      script_s14a7_interact
     0000000D  ___bank_script_s14a7_update        script_s14a7_update
     0000000D  ___bank_script_s14a8_interact      script_s14a8_interact
     0000000D  ___bank_script_s14a8_update        script_s14a8_update
     0000000D  ___bank_script_s14a9_interact      script_s14a9_interact
     0000000D  ___bank_script_s14a9_update        script_s14a9_update
     0000000D  ___bank_script_s2a0_interact       script_s2a0_interact
     0000000D  ___bank_script_s2a0_update         script_s2a0_update
     0000000D  ___bank_script_s2a1_interact       script_s2a1_interact
     0000000D  ___bank_script_s2a1_update         script_s2a1_update
     0000000D  ___bank_script_s2a2_interact       script_s2a2_interact
     0000000D  ___bank_script_s2a2_update         script_s2a2_update
     0000000D  ___bank_script_s2a3_interact       script_s2a3_interact
     0000000D  ___bank_script_s2a3_update         script_s2a3_update
     0000000D  ___bank_script_s2a4_interact       script_s2a4_interact
     0000000D  ___bank_script_s2a4_update         script_s2a4_update
     0000000D  ___bank_script_s2a5_interact       script_s2a5_interact
     0000000D  ___bank_script_s2a5_update         script_s2a5_update
     0000000D  ___bank_script_s2a6_interact       script_s2a6_interact
     0000000D  ___bank_script_s2a6_update         script_s2a6_update
     0000000D  ___bank_script_s2a7_interact       script_s2a7_interact
     0000000D  ___bank_script_s2a7_update         script_s2a7_update
     0000000D  ___bank_script_s3a10_interact      script_s3a10_interact
     0000000D  ___bank_script_s3a10_update        script_s3a10_update
     0000000D  ___bank_script_s3a11_interact      script_s3a11_interact
     0000000D  ___bank_script_s3a11_update        script_s3a11_update
     0000000D  ___bank_script_s3a12_interact      script_s3a12_interact
     0000000D  ___bank_script_s3a12_update        script_s3a12_update
     0000000D  ___bank_script_s3a13_interact      script_s3a13_interact
     0000000D  ___bank_script_s3a13_update        script_s3a13_update
     0000000D  ___bank_script_s3a14_interact      script_s3a14_interact
ASxxxx Linker V03.00 + NoICE + sdld,  page 14.
Hexadecimal  [32-Bits]

Area                                    Addr        Size        Decimal Bytes (Attributes)
--------------------------------        ----        ----        ------- ----- ------------
.  .ABS.                            00000000    00000000 =           0. bytes (ABS,CON)

      Value  Global                              Global Defined In Module
      -----  --------------------------------   ------------------------
     0000000D  ___bank_script_s3a14_update        script_s3a14_update
     0000000D  ___bank_script_s3a15_interact      script_s3a15_interact
     0000000D  ___bank_script_s3a15_update        script_s3a15_update
     0000000D  ___bank_script_s3a1_interact       script_s3a1_interact
     0000000D  ___bank_script_s3a1_update         script_s3a1_update
     0000000D  ___bank_script_s3a2_interact       script_s3a2_interact
     0000000D  ___bank_script_s3a2_update         script_s3a2_update
     0000000D  ___bank_script_s3a3_interact       script_s3a3_interact
     0000000D  ___bank_script_s3a3_update         script_s3a3_update
     0000000D  ___bank_script_s3a4_interact       script_s3a4_interact
     0000000D  ___bank_script_s3a4_update         script_s3a4_update
     0000000D  ___bank_script_s3a5_interact       script_s3a5_interact
     0000000D  ___bank_script_s3a5_update         script_s3a5_update
     0000000D  ___bank_script_s3a6_interact       script_s3a6_interact
     0000000D  ___bank_script_s3a6_update         script_s3a6_update
     0000000D  ___bank_script_s3a7_interact       script_s3a7_interact
     0000000D  ___bank_script_s3a7_update         script_s3a7_update
     0000000D  ___bank_script_s3a8_interact       script_s3a8_interact
     0000000D  ___bank_script_s3a8_update         script_s3a8_update
     0000000D  ___bank_script_s3a9_interact       script_s3a9_interact
     0000000D  ___bank_script_s3a9_update         script_s3a9_update
     0000000D  ___bank_script_s4a10_interact      script_s4a10_interact
     0000000D  ___bank_script_s4a10_update        script_s4a10_update
     0000000D  ___bank_script_s4a11_interact      script_s4a11_interact
     0000000D  ___bank_script_s4a11_update        script_s4a11_update
     0000000D  ___bank_script_s4a12_interact      script_s4a12_interact
     0000000D  ___bank_script_s4a12_update        script_s4a12_update
     0000000D  ___bank_script_s4a13_interact      script_s4a13_interact
     0000000D  ___bank_script_s4a13_update        script_s4a13_update
     0000000D  ___bank_script_s4a14_interact      script_s4a14_interact
     0000000D  ___bank_script_s4a14_update        script_s4a14_update
     0000000D  ___bank_script_s4a15_update        script_s4a15_update
     0000000D  ___bank_script_s4a1_interact       script_s4a1_interact
     0000000D  ___bank_script_s4a1_update         script_s4a1_update
     0000000D  ___bank_script_s4a2_interact       script_s4a2_interact
     0000000D  ___bank_script_s4a2_update         script_s4a2_update
     0000000D  ___bank_script_s4a3_interact       script_s4a3_interact
     0000000D  ___bank_script_s4a3_update         script_s4a3_update
     0000000D  ___bank_script_s4a4_interact       script_s4a4_interact
     0000000D  ___bank_script_s4a4_update         script_s4a4_update
     0000000D  ___bank_script_s4a5_interact       script_s4a5_interact
     0000000D  ___bank_script_s4a5_update         script_s4a5_update
     0000000D  ___bank_script_s4a6_interact       script_s4a6_interact
     0000000D  ___bank_script_s4a6_update         script_s4a6_update
     0000000D  ___bank_script_s4a7_interact       script_s4a7_interact
     0000000D  ___bank_script_s4a7_update         script_s4a7_update
     0000000D  ___bank_script_s4a8_interact       script_s4a8_interact
     0000000D  ___bank_script_s4a8_update         script_s4a8_update
     0000000D  ___bank_script_s4a9_interact       script_s4a9_interact
     0000000D  ___bank_script_s4a9_update         script_s4a9_update
     0000000D  ___bank_script_s5a10_interact      script_s5a10_interact
ASxxxx Linker V03.00 + NoICE + sdld,  page 15.
Hexadecimal  [32-Bits]

Area                                    Addr        Size        Decimal Bytes (Attributes)
--------------------------------        ----        ----        ------- ----- ------------
.  .ABS.                            00000000    00000000 =           0. bytes (ABS,CON)

      Value  Global                              Global Defined In Module
      -----  --------------------------------   ------------------------
     0000000D  ___bank_script_s5a10_update        script_s5a10_update
     0000000D  ___bank_script_s5a11_interact      script_s5a11_interact
     0000000D  ___bank_script_s5a11_update        script_s5a11_update
     0000000D  ___bank_script_s5a12_interact      script_s5a12_interact
     0000000D  ___bank_script_s5a12_update        script_s5a12_update
     0000000D  ___bank_script_s5a13_interact      script_s5a13_interact
     0000000D  ___bank_script_s5a13_update        script_s5a13_update
     0000000D  ___bank_script_s5a14_interact      script_s5a14_interact
     0000000D  ___bank_script_s5a14_update        script_s5a14_update
     0000000D  ___bank_script_s5a15_interact      script_s5a15_interact
     0000000D  ___bank_script_s5a15_update        script_s5a15_update
     0000000D  ___bank_script_s5a1_interact       script_s5a1_interact
     0000000D  ___bank_script_s5a1_update         script_s5a1_update
     0000000D  ___bank_script_s5a2_interact       script_s5a2_interact
     0000000D  ___bank_script_s5a2_update         script_s5a2_update
     0000000D  ___bank_script_s5a3_interact       script_s5a3_interact
     0000000D  ___bank_script_s5a3_update         script_s5a3_update
     0000000D  ___bank_script_s5a4_interact       script_s5a4_interact
     0000000D  ___bank_script_s5a4_update         script_s5a4_update
     0000000D  ___bank_script_s5a5_interact       script_s5a5_interact
     0000000D  ___bank_script_s5a5_update         script_s5a5_update
     0000000D  ___bank_script_s5a6_interact       script_s5a6_interact
     0000000D  ___bank_script_s5a6_update         script_s5a6_update
     0000000D  ___bank_script_s5a7_interact       script_s5a7_interact
     0000000D  ___bank_script_s5a7_update         script_s5a7_update
     0000000D  ___bank_script_s5a8_interact       script_s5a8_interact
     0000000D  ___bank_script_s5a8_update         script_s5a8_update
     0000000D  ___bank_script_s5a9_interact       script_s5a9_interact
     0000000D  ___bank_script_s5a9_update         script_s5a9_update
     0000000D  ___bank_script_s6t0_interact       script_s6t0_interact
     0000000D  ___bank_script_s7t0_interact       script_s7t0_interact
     0000000D  ___bank_script_s8a10_interact      script_s8a10_interact
     0000000D  ___bank_script_s8a10_update        script_s8a10_update
     0000000D  ___bank_script_s8a11_interact      script_s8a11_interact
     0000000D  ___bank_script_s8a11_update        script_s8a11_update
     0000000D  ___bank_script_s8a12_interact      script_s8a12_interact
     0000000D  ___bank_script_s8a12_update        script_s8a12_update
     0000000D  ___bank_script_s8a13_interact      script_s8a13_interact
     0000000D  ___bank_script_s8a13_update        script_s8a13_update
     0000000D  ___bank_script_s8a14_interact      script_s8a14_interact
     0000000D  ___bank_script_s8a14_update        script_s8a14_update
     0000000D  ___bank_script_s8a1_interact       script_s8a1_interact
     0000000D  ___bank_script_s8a1_update         script_s8a1_update
     0000000D  ___bank_script_s8a2_interact       script_s8a2_interact
     0000000D  ___bank_script_s8a2_update         script_s8a2_update
     0000000D  ___bank_script_s8a3_interact       script_s8a3_interact
     0000000D  ___bank_script_s8a3_update         script_s8a3_update
     0000000D  ___bank_script_s8a4_interact       script_s8a4_interact
     0000000D  ___bank_script_s8a4_update         script_s8a4_update
     0000000D  ___bank_script_s8a5_interact       script_s8a5_interact
     0000000D  ___bank_script_s8a5_update         script_s8a5_update
ASxxxx Linker V03.00 + NoICE + sdld,  page 16.
Hexadecimal  [32-Bits]

Area                                    Addr        Size        Decimal Bytes (Attributes)
--------------------------------        ----        ----        ------- ----- ------------
.  .ABS.                            00000000    00000000 =           0. bytes (ABS,CON)

      Value  Global                              Global Defined In Module
      -----  --------------------------------   ------------------------
     0000000D  ___bank_script_s8a6_interact       script_s8a6_interact
     0000000D  ___bank_script_s8a6_update         script_s8a6_update
     0000000D  ___bank_script_s8a7_interact       script_s8a7_interact
     0000000D  ___bank_script_s8a7_update         script_s8a7_update
     0000000D  ___bank_script_s8a8_interact       script_s8a8_interact
     0000000D  ___bank_script_s8a8_update         script_s8a8_update
     0000000D  ___bank_script_s8a9_interact       script_s8a9_interact
     0000000D  ___bank_script_s8a9_update         script_s8a9_update
     0000000D  ___bank_script_s9a10_interact      script_s9a10_interact
     0000000D  ___bank_script_s9a10_update        script_s9a10_update
     0000000D  ___bank_script_s9a11_interact      script_s9a11_interact
     0000000D  ___bank_script_s9a11_update        script_s9a11_update
     0000000D  ___bank_script_s9a12_update        script_s9a12_update
     0000000D  ___bank_script_s9a13_interact      script_s9a13_interact
     0000000D  ___bank_script_s9a13_update        script_s9a13_update
     0000000D  ___bank_script_s9a14_interact      script_s9a14_interact
     0000000D  ___bank_script_s9a14_update        script_s9a14_update
     0000000D  ___bank_script_s9a15_update        script_s9a15_update
     0000000D  ___bank_script_s9a1_update         script_s9a1_update
     0000000D  ___bank_script_s9a2_interact       script_s9a2_interact
     0000000D  ___bank_script_s9a2_update         script_s9a2_update
     0000000D  ___bank_script_s9a3_interact       script_s9a3_interact
     0000000D  ___bank_script_s9a3_update         script_s9a3_update
     0000000D  ___bank_script_s9a4_interact       script_s9a4_interact
     0000000D  ___bank_script_s9a4_update         script_s9a4_update
     0000000D  ___bank_script_s9a5_interact       script_s9a5_interact
     0000000D  ___bank_script_s9a5_update         script_s9a5_update
     0000000D  ___bank_script_s9a6_interact       script_s9a6_interact
     0000000D  ___bank_script_s9a6_update         script_s9a6_update
     0000000D  ___bank_script_s9a7_interact       script_s9a7_interact
     0000000D  ___bank_script_s9a7_update         script_s9a7_update
     0000000D  ___bank_script_s9a8_interact       script_s9a8_interact
     0000000D  ___bank_script_s9a8_update         script_s9a8_update
     0000000D  ___bank_script_s9a9_interact       script_s9a9_interact
     0000000D  ___bank_script_s9a9_update         script_s9a9_update
     0000000D  ___bank_script_turnip_init         script_turnip_init
     0000000D  ___bank_spritesheet_5              spritesheet_5
     0000000D  ___bank_spritesheet_8              spritesheet_8
     0000000D  ___bank_spritesheet_none           spritesheet_none
     00000010  l__INITIALIZED                  
     00000010  l__INITIALIZER                  
     0000002D  l__GSINIT                       
     00000030  l__HEADER6                      
     0000004E  l__HEADER4                      
     00000082  l__HEADER10                     
     000001CB  l__CRASH_SCRATCH2               
     00000200  s__CODE                         
     00000B7D  l__CODE                         
     00000D7D  s__HOME                         
     00001902  l__DATA                         
     00002000  _rROMB0                            
ASxxxx Linker V03.00 + NoICE + sdld,  page 17.
Hexadecimal  [32-Bits]

Area                                    Addr        Size        Decimal Bytes (Attributes)
--------------------------------        ----        ----        ------- ----- ------------
.  .ABS.                            00000000    00000000 =           0. bytes (ABS,CON)

      Value  Global                              Global Defined In Module
      -----  --------------------------------   ------------------------
     000027E5  l__HOME                         
     000029CF  l__CODE_4                       
     000029DB  l__CODE_1                       
     00002A11  l__CODE_3                       
     00002BEE  l__CODE_13                      
     00003000  _rROMB1                            
     00003562  s__BASE                         
     00003562  s__CODE_0                       
     00003562  s__INITIALIZER                  
     00003562  s__LIT                          
     00003572  s__GSINIT                       
     0000359F  s__GSFINAL                      
     0000398E  l__CODE_2                       
     00003FFB  l__CODE_6                       
     00003FFC  l__CODE_10                      
     00003FFE  l__CODE_7                       
     00003FFF  l__CODE_12                      
     00004000  _RTC_SELECT_REG                    vm_rtc
     00004000  _rRAMB                             
     00004000  l__CODE_11                      
     00004000  l__CODE_5                       
     00004000  l__CODE_8                       
     00004000  l__CODE_9                       
     00006000  _RTC_LATCH_REG                     vm_rtc
     00008000  __VRAM                             
     00008000  __VRAM8000                         
     00008800  __VRAM8800                         
     00009000  __VRAM9000                         
     00009800  __SCRN0                            
     00009C00  __SCRN1                            
     0000A000  _RTC_VALUE_REG                     vm_rtc
     0000A000  __SRAM                             
     0000C000  __RAM                              
     0000C000  _shadow_OAM                     
     0000C0A0  s__DATA                         
     0000D000  __RAMBANK                          
     0000D9A2  s__BSS                          
     0000D9A2  s__INITIALIZED                  
     0000D9B2  s__HEAP                         
     0000DF00  .STACK                          
     0000DF00  _shadow_OAM2                       absolute
     0000DFA0  _BkgPalette                        absolute
     0000DFE0  _vwf_tile_data                     absolute
     0000FE00  __OAMRAM                           
     0000FF00  _P1_REG                            
     0000FF00  __IO                               
     0000FF01  _SB_REG                            
     0000FF02  _SC_REG                            
     0000FF04  _DIV_REG                           
     0000FF05  _TIMA_REG                          
     0000FF06  _TMA_REG                           
ASxxxx Linker V03.00 + NoICE + sdld,  page 18.
Hexadecimal  [32-Bits]

Area                                    Addr        Size        Decimal Bytes (Attributes)
--------------------------------        ----        ----        ------- ----- ------------
.  .ABS.                            00000000    00000000 =           0. bytes (ABS,CON)

      Value  Global                              Global Defined In Module
      -----  --------------------------------   ------------------------
     0000FF07  _TAC_REG                           
     0000FF0F  _IF_REG                            
     0000FF10  _NR10_REG                          
     0000FF11  _NR11_REG                          
     0000FF12  _NR12_REG                          
     0000FF13  _NR13_REG                          
     0000FF14  _NR14_REG                          
     0000FF16  _NR21_REG                          
     0000FF17  _NR22_REG                          
     0000FF18  _NR23_REG                          
     0000FF19  _NR24_REG                          
     0000FF1A  _NR30_REG                          
     0000FF1B  _NR31_REG                          
     0000FF1C  _NR32_REG                          
     0000FF1D  _NR33_REG                          
     0000FF1E  _NR34_REG                          
     0000FF20  _NR41_REG                          
     0000FF21  _NR42_REG                          
     0000FF22  _NR43_REG                          
     0000FF23  _NR44_REG                          
     0000FF24  _NR50_REG                          
     0000FF25  _NR51_REG                          
     0000FF26  _NR52_REG                          
     0000FF30  _AUD3WAVE                          
     0000FF30  _PCM_SAMPLE                        
     0000FF30  __AUD3WAVERAM                      
     0000FF40  _LCDC_REG                          
     0000FF41  _STAT_REG                          
     0000FF42  _SCY_REG                           
     0000FF43  _SCX_REG                           
     0000FF44  _LY_REG                            
     0000FF45  _LYC_REG                           
     0000FF46  _DMA_REG                           
     0000FF47  _BGP_REG                           
     0000FF48  _OBP0_REG                          
     0000FF49  _OBP1_REG                          
     0000FF4A  _WY_REG                            
     0000FF4B  _WX_REG                            
     0000FF4D  _KEY1_REG                          
     0000FF4F  _VBK_REG                           
     0000FF51  _HDMA1_REG                         
     0000FF52  _HDMA2_REG                         
     0000FF53  _HDMA3_REG                         
     0000FF54  _HDMA4_REG                         
     0000FF55  _HDMA5_REG                         
     0000FF56  _RP_REG                            
     0000FF68  _BCPS_REG                          
     0000FF69  _BCPD_REG                          
     0000FF6A  _OCPS_REG                          
     0000FF6B  _OCPD_REG                          
     0000FF70  _SVBK_REG                          
ASxxxx Linker V03.00 + NoICE + sdld,  page 19.
Hexadecimal  [32-Bits]

Area                                    Addr        Size        Decimal Bytes (Attributes)
--------------------------------        ----        ----        ------- ----- ------------
.  .ABS.                            00000000    00000000 =           0. bytes (ABS,CON)

      Value  Global                              Global Defined In Module
      -----  --------------------------------   ------------------------
     0000FF76  _PCM12_REG                         
     0000FF77  _PCM34_REG                         
     0000FF80  .refresh_OAM                    
     0000FF80  __HRAM                             
     0000FFFF  _IE_REG                            
     00014000  s__CODE_1                       
     00024000  s__CODE_2                       
     00034000  s__CODE_3                       
     00044000  s__CODE_4                       
     00054000  s__CODE_5                       
     00064000  s__CODE_6                       
     00074000  s__CODE_7                       
     00084000  s__CODE_8                       
     00094000  s__CODE_9                       
     000A4000  s__CODE_10                      
     000B4000  s__CODE_11                      
     000C4000  s__CODE_12                      
     000D4000  s__CODE_13                      

ASxxxx Linker V03.00 + NoICE + sdld,  page 20.
Hexadecimal  [32-Bits]

Area                                    Addr        Size        Decimal Bytes (Attributes)
--------------------------------        ----        ----        ------- ----- ------------
_CODE                               00000200    00000B7D =        2941. bytes (REL,CON)

      Value  Global                              Global Defined In Module
      -----  --------------------------------   ------------------------
     00000200  ___HandleCrash                     
     0000020A  _SIO_send_byte                     
     0000021D  _SIO_receive                       
     0000022E  _SetTile                           
     0000023D  _set_win_tile_xy                   
     00000242  _set_bkg_tile_xy                   
     00000265  _GetWinAddr                        
     0000026D  _GetBkgAddr                        
     0000027B  _state_init                        
     00000280  _state_update                      
     000002A2  _ui_time_masks                     
     000002AA  _ui_print_shift_char               
     0000032D  _ui_draw_frame_row                 
     00000336  .ui_draw_frame_row                 
     0000035F  _script_cmds                       vm_instructions
     00000500  _save_signature                    game_signature
     00000504  _start_scene_x                     
     00000506  _start_scene_y                     
     00000508  _start_scene_dir                   
     00000509  _start_scene                       
     0000050C  _start_player_move_speed           
     0000050D  _start_player_anim_tick            
     0000050E  _ui_fonts                          
     00000511  _core_reset_hook                   main
     00000519  _main                              main
     00000521  _state_start_fns                   
     00000533  _state_update_fns                  
     00000545  _hUGE_init_banked                  hUGEDriver_obj
     00000549  _hUGE_init                         hUGEDriver_obj
     00000554  _hUGE_mute_channel_banked          hUGEDriver_obj
     00000558  _hUGE_mute_channel                 hUGEDriver_obj
     00000565  _hUGE_set_position_banked          hUGEDriver_obj
     00000569  _hUGE_set_position                 hUGEDriver_obj
     00000572  hUGE_init                          hUGEDriver_obj
     000005C8  hUGE_mute_channel                  hUGEDriver_obj
     000007BC  hUGE_set_position                  hUGEDriver_obj
     00000924  _hUGE_dosound                      hUGEDriver_obj
     00000924  _hUGE_dosound_banked               hUGEDriver_obj
     00000924  hUGE_dosound                       hUGEDriver_obj
     00000C13  _set_sprite_palette                CGB
     00000C18  _set_bkg_palette                   CGB
     00000C1B  .set_palette                       CGB
     00000C3A  _set_sprite_palette_entry          CGB
     00000C3F  _set_bkg_palette_entry             CGB
     00000C42  .set_palette_entry                 CGB
     00000C5E  _hide_sprites_range                Metasprites
     00000C8E  .sgb_check                         
     00000C8E  _sgb_check                         
     00000CD6  _sgb_transfer                      
     00000CDB  .sgb_transfer                      
ASxxxx Linker V03.00 + NoICE + sdld,  page 21.
Hexadecimal  [32-Bits]

Area                                    Addr        Size        Decimal Bytes (Attributes)
--------------------------------        ----        ----        ------- ----- ------------
_CODE                               00000200    00000B7D =        2941. bytes (REL,CON)

      Value  Global                              Global Defined In Module
      -----  --------------------------------   ------------------------
     00000D1C  ___move_metasprite                 Metasprites
     00000D5B  _cpu_slow                          CGB
     00000D76  _cpu_fast                          CGB

ASxxxx Linker V03.00 + NoICE + sdld,  page 22.
Hexadecimal  [32-Bits]

Area                                    Addr        Size        Decimal Bytes (Attributes)
--------------------------------        ----        ----        ------- ----- ------------
_HEADER0                            00000000    00000001 =           1. bytes (ABS,CON)

      Value  Global                              Global Defined In Module
      -----  --------------------------------   ------------------------
     00000020  .call_hl                           Runtime

ASxxxx Linker V03.00 + NoICE + sdld,  page 23.
Hexadecimal  [32-Bits]

Area                                    Addr        Size        Decimal Bytes (Attributes)
--------------------------------        ----        ----        ------- ----- ------------
_HEADER1                            00000000    00000005 =           5. bytes (ABS,CON)

      Value  Global                              Global Defined In Module
      -----  --------------------------------   ------------------------
     00000028  .MemsetSmall                       Runtime

ASxxxx Linker V03.00 + NoICE + sdld,  page 24.
Hexadecimal  [32-Bits]

Area                                    Addr        Size        Decimal Bytes (Attributes)
--------------------------------        ----        ----        ------- ----- ------------
_HEADER2                            00000000    00000007 =           7. bytes (ABS,CON)

      Value  Global                              Global Defined In Module
      -----  --------------------------------   ------------------------
     00000030  .MemcpySmall                       Runtime

ASxxxx Linker V03.00 + NoICE + sdld,  page 25.
Hexadecimal  [32-Bits]

Area                                    Addr        Size        Decimal Bytes (Attributes)
--------------------------------        ----        ----        ------- ----- ------------
_HEADER3                            00000000    00000008 =           8. bytes (ABS,CON)

      Value  Global                              Global Defined In Module
      -----  --------------------------------   ------------------------
ASxxxx Linker V03.00 + NoICE + sdld,  page 26.
Hexadecimal  [32-Bits]

Area                                    Addr        Size        Decimal Bytes (Attributes)
--------------------------------        ----        ----        ------- ----- ------------
_HEADER4                            00000000    0000004E =          78. bytes (ABS,CON)

      Value  Global                              Global Defined In Module
      -----  --------------------------------   ------------------------
     00000080  .int                               Runtime
     0000008F  _wait_int_handler                  Runtime
     0000009C  __standard_VBL_handler             Runtime
     000000AC  _refresh_OAM                       Runtime

ASxxxx Linker V03.00 + NoICE + sdld,  page 27.
Hexadecimal  [32-Bits]

Area                                    Addr        Size        Decimal Bytes (Attributes)
--------------------------------        ----        ----        ------- ----- ------------
_HEADER5                            00000000    00000002 =           2. bytes (ABS,CON)

      Value  Global                              Global Defined In Module
      -----  --------------------------------   ------------------------
ASxxxx Linker V03.00 + NoICE + sdld,  page 28.
Hexadecimal  [32-Bits]

Area                                    Addr        Size        Decimal Bytes (Attributes)
--------------------------------        ----        ----        ------- ----- ------------
_HEADER6                            00000000    00000030 =          48. bytes (ABS,CON)

      Value  Global                              Global Defined In Module
      -----  --------------------------------   ------------------------
ASxxxx Linker V03.00 + NoICE + sdld,  page 29.
Hexadecimal  [32-Bits]

Area                                    Addr        Size        Decimal Bytes (Attributes)
--------------------------------        ----        ----        ------- ----- ------------
_HEADER7                            00000000    00000006 =           6. bytes (ABS,CON)

      Value  Global                              Global Defined In Module
      -----  --------------------------------   ------------------------
ASxxxx Linker V03.00 + NoICE + sdld,  page 30.
Hexadecimal  [32-Bits]

Area                                    Addr        Size        Decimal Bytes (Attributes)
--------------------------------        ----        ----        ------- ----- ------------
_HEADER8                            00000000    00000003 =           3. bytes (ABS,CON)

      Value  Global                              Global Defined In Module
      -----  --------------------------------   ------------------------
ASxxxx Linker V03.00 + NoICE + sdld,  page 31.
Hexadecimal  [32-Bits]

Area                                    Addr        Size        Decimal Bytes (Attributes)
--------------------------------        ----        ----        ------- ----- ------------
_HEADER9                            00000000    00000001 =           1. bytes (ABS,CON)

      Value  Global                              Global Defined In Module
      -----  --------------------------------   ------------------------
ASxxxx Linker V03.00 + NoICE + sdld,  page 32.
Hexadecimal  [32-Bits]

Area                                    Addr        Size        Decimal Bytes (Attributes)
--------------------------------        ----        ----        ------- ----- ------------
_HEADERa                            00000000    00000001 =           1. bytes (ABS,CON)

      Value  Global                              Global Defined In Module
      -----  --------------------------------   ------------------------
ASxxxx Linker V03.00 + NoICE + sdld,  page 33.
Hexadecimal  [32-Bits]

Area                                    Addr        Size        Decimal Bytes (Attributes)
--------------------------------        ----        ----        ------- ----- ------------
_HEADERb                            00000000    00000001 =           1. bytes (ABS,CON)

      Value  Global                              Global Defined In Module
      -----  --------------------------------   ------------------------
ASxxxx Linker V03.00 + NoICE + sdld,  page 34.
Hexadecimal  [32-Bits]

Area                                    Addr        Size        Decimal Bytes (Attributes)
--------------------------------        ----        ----        ------- ----- ------------
_HEADERc                            00000000    00000002 =           2. bytes (ABS,CON)

      Value  Global                              Global Defined In Module
      -----  --------------------------------   ------------------------
ASxxxx Linker V03.00 + NoICE + sdld,  page 35.
Hexadecimal  [32-Bits]

Area                                    Addr        Size        Decimal Bytes (Attributes)
--------------------------------        ----        ----        ------- ----- ------------
_HEADERd                            00000000    00000001 =           1. bytes (ABS,CON)

      Value  Global                              Global Defined In Module
      -----  --------------------------------   ------------------------
ASxxxx Linker V03.00 + NoICE + sdld,  page 36.
Hexadecimal  [32-Bits]

Area                                    Addr        Size        Decimal Bytes (Attributes)
--------------------------------        ----        ----        ------- ----- ------------
_HEADERe                            00000000    00000001 =           1. bytes (ABS,CON)

[...]
C:/Users/work/AppData/Local/Temp/_gbsbuild/obj/script_s5t0_interact.rel
                                          [ script_s5t0_interact ]
C:/Users/work/AppData/Local/Temp/_gbsbuild/obj/script_s6_init.rel
                                          [ script_s6_init ]
C:/Users/work/AppData/Local/Temp/_gbsbuild/obj/script_s6t0_interact.rel
                                          [ script_s6t0_interact ]
C:/Users/work/AppData/Local/Temp/_gbsbuild/obj/script_s7_init.rel
                                          [ script_s7_init ]
C:/Users/work/AppData/Local/Temp/_gbsbuild/obj/script_s7t0_interact.rel
                                          [ script_s7t0_interact ]
C:/Users/work/AppData/Local/Temp/_gbsbuild/obj/script_s8_init.rel
                                          [ script_s8_init ]
C:/Users/work/AppData/Local/Temp/_gbsbuild/obj/script_s8_p_hit1.rel
                                          [ script_s8_p_hit1 ]
C:/Users/work/AppData/Local/Temp/_gbsbuild/obj/script_s8a1_interact.rel
                                          [ script_s8a1_interact ]
C:/Users/work/AppData/Local/Temp/_gbsbuild/obj/script_s8a1_update.rel
                                          [ script_s8a1_update ]
C:/Users/work/AppData/Local/Temp/_gbsbuild/obj/script_s8a10_interact.rel
                                          [ script_s8a10_interact ]
C:/Users/work/AppData/Local/Temp/_gbsbuild/obj/script_s8a10_update.rel
                                          [ script_s8a10_update ]
C:/Users/work/AppData/Local/Temp/_gbsbuild/obj/script_s8a11_interact.rel
                                          [ script_s8a11_interact ]
C:/Users/work/AppData/Local/Temp/_gbsbuild/obj/script_s8a11_update.rel
                                          [ script_s8a11_update ]
C:/Users/work/AppData/Local/Temp/_gbsbuild/obj/script_s8a12_interact.rel
                                          [ script_s8a12_interact ]
C:/Users/work/AppData/Local/Temp/_gbsbuild/obj/script_s8a12_update.rel
                                          [ script_s8a12_update ]
C:/Users/work/AppData/Local/Temp/_gbsbuild/obj/script_s8a13_interact.rel
                                          [ script_s8a13_interact ]
C:/Users/work/AppData/Local/Temp/_gbsbuild/obj/script_s8a13_update.rel
                                          [ script_s8a13_update ]
C:/Users/work/AppData/Local/Temp/_gbsbuild/obj/script_s8a14_interact.rel
                                          [ script_s8a14_interact ]
C:/Users/work/AppData/Local/Temp/_gbsbuild/obj/script_s8a14_update.rel
                                          [ script_s8a14_update ]
C:/Users/work/AppData/Local/Temp/_gbsbuild/obj/script_s8a2_interact.rel
                                          [ script_s8a2_interact ]
C:/Users/work/AppData/Local/Temp/_gbsbuild/obj/script_s8a2_update.rel
                                          [ script_s8a2_update ]
C:/Users/work/AppData/Local/Temp/_gbsbuild/obj/script_s8a3_interact.rel
                                          [ script_s8a3_interact ]
C:/Users/work/AppData/Local/Temp/_gbsbuild/obj/script_s8a3_update.rel
                                          [ script_s8a3_update ]
C:/Users/work/AppData/Local/Temp/_gbsbuild/obj/script_s8a4_interact.rel
                                          [ script_s8a4_interact ]
C:/Users/work/AppData/Local/Temp/_gbsbuild/obj/script_s8a4_update.rel
                                          [ script_s8a4_update ]
C:/Users/work/AppData/Local/Temp/_gbsbuild/obj/script_s8a5_interact.rel
                                          [ script_s8a5_interact ]
C:/Users/work/AppData/Local/Temp/_gbsbuild/obj/script_s8a5_update.rel
                                          [ script_s8a5_update ]
C:/Users/work/AppData/Local/Temp/_gbsbuild/obj/script_s8a6_interact.rel
                                          [ script_s8a6_interact ]
C:/Users/work/AppData/Local/Temp/_gbsbuild/obj/script_s8a6_update.rel
                                          [ script_s8a6_update ]
C:/Users/work/AppData/Local/Temp/_gbsbuild/obj/script_s8a7_interact.rel
                                          [ script_s8a7_interact ]
C:/Users/work/AppData/Local/Temp/_gbsbuild/obj/script_s8a7_update.rel
                                          [ script_s8a7_update ]
C:/Users/work/AppData/Local/Temp/_gbsbuild/obj/script_s8a8_interact.rel
                                          [ script_s8a8_interact ]
C:/Users/work/AppData/Local/Temp/_gbsbuild/obj/script_s8a8_update.rel
                                          [ script_s8a8_update ]
C:/Users/work/AppData/Local/Temp/_gbsbuild/obj/script_s8a9_interact.rel
                                          [ script_s8a9_interact ]
C:/Users/work/AppData/Local/Temp/_gbsbuild/obj/script_s8a9_update.rel
                                          [ script_s8a9_update ]
C:/Users/work/AppData/Local/Temp/_gbsbuild/obj/script_s8t0_interact.rel
                                          [ script_s8t0_interact ]
C:/Users/work/AppData/Local/Temp/_gbsbuild/obj/script_s9_init.rel
                                          [ script_s9_init ]
C:/Users/work/AppData/Local/Temp/_gbsbuild/obj/script_s9_p_hit1.rel
                                          [ script_s9_p_hit1 ]
C:/Users/work/AppData/Local/Temp/_gbsbuild/obj/script_s9a1_interact.rel
                                          [ script_s9a1_interact ]
C:/Users/work/AppData/Local/Temp/_gbsbuild/obj/script_s9a1_update.rel
                                          [ script_s9a1_update ]
C:/Users/work/AppData/Local/Temp/_gbsbuild/obj/script_s9a10_interact.rel
                                          [ script_s9a10_interact ]
C:/Users/work/AppData/Local/Temp/_gbsbuild/obj/script_s9a10_update.rel
                                          [ script_s9a10_update ]
C:/Users/work/AppData/Local/Temp/_gbsbuild/obj/script_s9a11_interact.rel
                                          [ script_s9a11_interact ]
C:/Users/work/AppData/Local/Temp/_gbsbuild/obj/script_s9a11_update.rel
                                          [ script_s9a11_update ]
C:/Users/work/AppData/Local/Temp/_gbsbuild/obj/script_s9a12_interact.rel
                                          [ script_s9a12_interact ]
C:/Users/work/AppData/Local/Temp/_gbsbuild/obj/script_s9a12_update.rel
                                          [ script_s9a12_update ]
C:/Users/work/AppData/Local/Temp/_gbsbuild/obj/script_s9a13_interact.rel
                                          [ script_s9a13_interact ]
C:/Users/work/AppData/Local/Temp/_gbsbuild/obj/script_s9a13_update.rel
                                          [ script_s9a13_update ]
C:/Users/work/AppData/Local/Temp/_gbsbuild/obj/script_s9a14_interact.rel
                                          [ script_s9a14_interact ]
C:/Users/work/AppData/Local/Temp/_gbsbuild/obj/script_s9a14_update.rel
                                          [ script_s9a14_update ]
C:/Users/work/AppData/Local/Temp/_gbsbuild/obj/script_s9a15_interact.rel
                                          [ script_s9a15_interact ]
C:/Users/work/AppData/Local/Temp/_gbsbuild/obj/script_s9a15_update.rel
                                          [ script_s9a15_update ]
C:/Users/work/AppData/Local/Temp/_gbsbuild/obj/script_s9a2_interact.rel
                                          [ script_s9a2_interact ]
C:/Users/work/AppData/Local/Temp/_gbsbuild/obj/script_s9a2_update.rel
                                          [ script_s9a2_update ]
C:/Users/work/AppData/Local/Temp/_gbsbuild/obj/script_s9a3_interact.rel
                                          [ script_s9a3_interact ]
C:/Users/work/AppData/Local/Temp/_gbsbuild/obj/script_s9a3_update.rel
                                          [ script_s9a3_update ]
C:/Users/work/AppData/Local/Temp/_gbsbuild/obj/script_s9a4_interact.rel
                                          [ script_s9a4_interact ]
C:/Users/work/AppData/Local/Temp/_gbsbuild/obj/script_s9a4_update.rel
                                          [ script_s9a4_update ]
C:/Users/work/AppData/Local/Temp/_gbsbuild/obj/script_s9a5_interact.rel
                                          [ script_s9a5_interact ]
C:/Users/work/AppData/Local/Temp/_gbsbuild/obj/script_s9a5_update.rel
                                          [ script_s9a5_update ]
C:/Users/work/AppData/Local/Temp/_gbsbuild/obj/script_s9a6_interact.rel
                                          [ script_s9a6_interact ]
C:/Users/work/AppData/Local/Temp/_gbsbuild/obj/script_s9a6_update.rel
                                          [ script_s9a6_update ]
C:/Users/work/AppData/Local/Temp/_gbsbuild/obj/script_s9a7_interact.rel
                                          [ script_s9a7_interact ]
C:/Users/work/AppData/Local/Temp/_gbsbuild/obj/script_s9a7_update.rel
                                          [ script_s9a7_update ]
C:/Users/work/AppData/Local/Temp/_gbsbuild/obj/script_s9a8_interact.rel
                                          [ script_s9a8_interact ]
C:/Users/work/AppData/Local/Temp/_gbsbuild/obj/script_s9a8_update.rel
                                          [ script_s9a8_update ]
C:/Users/work/AppData/Local/Temp/_gbsbuild/obj/script_s9a9_interact.rel
                                          [ script_s9a9_interact ]
C:/Users/work/AppData/Local/Temp/_gbsbuild/obj/script_s9a9_update.rel
                                          [ script_s9a9_update ]
C:/Users/work/AppData/Local/Temp/_gbsbuild/obj/script_s9t0_interact.rel
                                          [ script_s9t0_interact ]
C:/Users/work/AppData/Local/Temp/_gbsbuild/obj/script_turnip_init.rel
                                          [ script_turnip_init ]
C:/Users/work/AppData/Local/Temp/_gbsbuild/obj/script_turnip_movement.rel
                                          [ script_turnip_movement ]
C:/Users/work/AppData/Local/Temp/_gbsbuild/obj/spritesheet_0.rel
                                          [ spritesheet_0 ]
C:/Users/work/AppData/Local/Temp/_gbsbuild/obj/spritesheet_1.rel
                                          [ spritesheet_1 ]
C:/Users/work/AppData/Local/Temp/_gbsbuild/obj/spritesheet_2.rel
                                          [ spritesheet_2 ]
C:/Users/work/AppData/Local/Temp/_gbsbuild/obj/spritesheet_3.rel
                                          [ spritesheet_3 ]
C:/Users/work/AppData/Local/Temp/_gbsbuild/obj/spritesheet_4.rel
                                          [ spritesheet_4 ]
C:/Users/work/AppData/Local/Temp/_gbsbuild/obj/spritesheet_5.rel
                                          [ spritesheet_5 ]
C:/Users/work/AppData/Local/Temp/_gbsbuild/obj/spritesheet_6.rel
                                          [ spritesheet_6 ]
C:/Users/work/AppData/Local/Temp/_gbsbuild/obj/spritesheet_7.rel
                                          [ spritesheet_7 ]
C:/Users/work/AppData/Local/Temp/_gbsbuild/obj/spritesheet_8.rel
                                          [ spritesheet_8 ]
C:/Users/work/AppData/Local/Temp/_gbsbuild/obj/spritesheet_9.rel
                                          [ spritesheet_9 ]
C:/Users/work/AppData/Local/Temp/_gbsbuild/obj/spritesheet_none.rel
                                          [ spritesheet_none ]
C:/Users/work/AppData/Local/Temp/_gbsbuild/obj/tilemap_0.rel
                                          [ tilemap_0 ]
C:/Users/work/AppData/Local/Temp/_gbsbuild/obj/tilemap_1.rel
                                          [ tilemap_1 ]
C:/Users/work/AppData/Local/Temp/_gbsbuild/obj/tilemap_2.rel
                                          [ tilemap_2 ]
C:/Users/work/AppData/Local/Temp/_gbsbuild/obj/tilemap_3.rel
                                          [ tilemap_3 ]
C:/Users/work/AppData/Local/Temp/_gbsbuild/obj/tilemap_4.rel
                                          [ tilemap_4 ]
C:/Users/work/AppData/Local/Temp/_gbsbuild/obj/tilemap_5.rel
                                          [ tilemap_5 ]
C:/Users/work/AppData/Local/Temp/_gbsbuild/obj/tilemap_6.rel
                                          [ tilemap_6 ]
C:/Users/work/AppData/Local/Temp/_gbsbuild/obj/tilemap_7.rel
                                          [ tilemap_7 ]
C:/Users/work/AppData/Local/Temp/_gbsbuild/obj/tilemap_8.rel
                                          [ tilemap_8 ]
C:/Users/work/AppData/Local/Temp/_gbsbuild/obj/tilemap_9.rel
                                          [ tilemap_9 ]
C:/Users/work/AppData/Local/Temp/_gbsbuild/obj/tilemap_attr_0.rel
                                          [ tilemap_attr_0 ]
C:/Users/work/AppData/Local/Temp/_gbsbuild/obj/tilemap_attr_1.rel
                                          [ tilemap_attr_1 ]
C:/Users/work/AppData/Local/Temp/_gbsbuild/obj/tilemap_attr_2.rel
                                          [ tilemap_attr_2 ]
C:/Users/work/AppData/Local/Temp/_gbsbuild/obj/tilemap_attr_3.rel
                                          [ tilemap_attr_3 ]
C:/Users/work/AppData/Local/Temp/_gbsbuild/obj/tilemap_attr_4.rel
                                          [ tilemap_attr_4 ]
C:/Users/work/AppData/Local/Temp/_gbsbuild/obj/tileset_0.rel
                                          [ tileset_0 ]
C:/Users/work/AppData/Local/Temp/_gbsbuild/obj/tileset_1.rel
                                          [ tileset_1 ]
C:/Users/work/AppData/Local/Temp/_gbsbuild/obj/tileset_10.rel
                                          [ tileset_10 ]
C:/Users/work/AppData/Local/Temp/_gbsbuild/obj/tileset_11.rel
                                          [ tileset_11 ]
C:/Users/work/AppData/Local/Temp/_gbsbuild/obj/tileset_12.rel
                                          [ tileset_12 ]
C:/Users/work/AppData/Local/Temp/_gbsbuild/obj/tileset_13.rel
                                          [ tileset_13 ]
C:/Users/work/AppData/Local/Temp/_gbsbuild/obj/tileset_14.rel
                                          [ tileset_14 ]
C:/Users/work/AppData/Local/Temp/_gbsbuild/obj/tileset_15.rel
                                          [ tileset_15 ]
C:/Users/work/AppData/Local/Temp/_gbsbuild/obj/tileset_16.rel
                                          [ tileset_16 ]
C:/Users/work/AppData/Local/Temp/_gbsbuild/obj/tileset_2.rel
                                          [ tileset_2 ]
C:/Users/work/AppData/Local/Temp/_gbsbuild/obj/tileset_3.rel
                                          [ tileset_3 ]
C:/Users/work/AppData/Local/Temp/_gbsbuild/obj/tileset_4.rel
                                          [ tileset_4 ]
C:/Users/work/AppData/Local/Temp/_gbsbuild/obj/tileset_5.rel
                                          [ tileset_5 ]
C:/Users/work/AppData/Local/Temp/_gbsbuild/obj/tileset_6.rel
                                          [ tileset_6 ]
C:/Users/work/AppData/Local/Temp/_gbsbuild/obj/tileset_7.rel
                                          [ tileset_7 ]
C:/Users/work/AppData/Local/Temp/_gbsbuild/obj/tileset_8.rel
                                          [ tileset_8 ]
C:/Users/work/AppData/Local/Temp/_gbsbuild/obj/tileset_9.rel
                                          [ tileset_9 ]
C:/Users/work/AppData/Local/Temp/_gbsbuild/obj/main.rel
                                          [ main ]
C:/Users/work/AppData/Local/Temp/_gbsbuild/obj/adventure.rel
                                          [ adventure ]
C:/Users/work/AppData/Local/Temp/_gbsbuild/obj/logo.rel
                                          [ logo ]
C:/Users/work/AppData/Local/Temp/_gbsbuild/obj/platform.rel
                                          [ platform ]
C:/Users/work/AppData/Local/Temp/_gbsbuild/obj/pointnclick.rel
                                          [ pointnclick ]
C:/Users/work/AppData/Local/Temp/_gbsbuild/obj/shmup.rel
                                          [ shmup ]
C:/Users/work/AppData/Local/Temp/_gbsbuild/obj/states_ptrs.rel
                                          [  ]
C:/Users/work/AppData/Local/Temp/_gbsbuild/obj/topdown.rel
                                          [ topdown ]


Libraries Linked                          [ object file ]

C:\Users\work\AppData\Local\Temp/_gbstools/gbdk/lib/small/asxxxx/gb/gb.lib
                                          [ fill_rect_wi.o ]
lib/hUGEDriver.lib                        [ hUGEDriver.obj.o ]
C:\Users\work\AppData\Local\Temp/_gbstools/gbdk/lib/small/asxxxx/gbz80/gbz80.lib
                                          [ rand.o ]
C:\Users\work\AppData\Local\Temp/_gbstools/gbdk/lib/small/asxxxx/gb/gb.lib
                                          [ sfr.o ]
C:\Users\work\AppData\Local\Temp/_gbstools/gbdk/lib/small/asxxxx/gb/gb.lib
                                          [ cgb_palettes.o ]
C:\Users\work\AppData\Local\Temp/_gbstools/gbdk/lib/small/asxxxx/gb/gb.lib
                                          [ metasprites_hide_spr.o ]
C:\Users\work\AppData\Local\Temp/_gbstools/gbdk/lib/small/asxxxx/gbz80/gbz80.lib
                                          [ mul.o ]
C:\Users\work\AppData\Local\Temp/_gbstools/gbdk/lib/small/asxxxx/gbz80/gbz80.lib
                                          [ abs.o ]
C:\Users\work\AppData\Local\Temp/_gbstools/gbdk/lib/small/asxxxx/gb/gb.lib
                                          [ set_wi_t.o ]
C:\Users\work\AppData\Local\Temp/_gbstools/gbdk/lib/small/asxxxx/gb/gb.lib
                                          [ set_data.o ]
C:\Users\work\AppData\Local\Temp/_gbstools/gbdk/lib/small/asxxxx/gbz80/gbz80.lib
                                          [ reverse.o ]
C:\Users\work\AppData\Local\Temp/_gbstools/gbdk/lib/small/asxxxx/gb/gb.lib
                                          [ far_ptr.o ]
C:\Users\work\AppData\Local\Temp/_gbstools/gbdk/lib/small/asxxxx/gb/gb.lib
                                          [ sgb.o ]
C:\Users\work\AppData\Local\Temp/_gbstools/gbdk/lib/small/asxxxx/gb/gb.lib
                                          [ lcd.o ]
C:\Users\work\AppData\Local\Temp/_gbstools/gbdk/lib/small/asxxxx/gb/gb.lib
                                          [ fill_rect.o ]
C:\Users\work\AppData\Local\Temp/_gbstools/gbdk/lib/small/asxxxx/gb/gb.lib
                                          [ cpy_data.o ]
C:\Users\work\AppData\Local\Temp/_gbstools/gbdk/lib/small/asxxxx/gb/gb.lib
                                          [ fill_rect_bk.o ]
C:\Users\work\AppData\Local\Temp/_gbstools/gbdk/lib/small/asxxxx/gb/gb.lib
                                          [ pad.o ]
C:\Users\work\AppData\Local\Temp/_gbstools/gbdk/lib/small/asxxxx/gb/gb.lib
                                          [ metasprites.o ]
C:\Users\work\AppData\Local\Temp/_gbstools/gbdk/lib/small/asxxxx/gbz80/gbz80.lib
                                          [ __sdcc_call_hl.o ]
C:\Users\work\AppData\Local\Temp/_gbstools/gbdk/lib/small/asxxxx/gbz80/gbz80.lib
                                          [ _memcpy.o ]
C:\Users\work\AppData\Local\Temp/_gbstools/gbdk/lib/small/asxxxx/gbz80/gbz80.lib
                                          [ _memset.o ]
C:\Users\work\AppData\Local\Temp/_gbstools/gbdk/lib/small/asxxxx/gb/gb.lib
                                          [ ___sdcc_bcall_ehl.o ]
C:\Users\work\AppData\Local\Temp/_gbstools/gbdk/lib/small/asxxxx/gb/gb.lib
                                          [ cgb.o ]
C:\Users\work\AppData\Local\Temp/_gbstools/gbdk/lib/small/asxxxx/gbz80/gbz80.lib
                                          [ div.o ]
C:\Users\work\AppData\Local\Temp/_gbstools/gbdk/lib/small/asxxxx/gb/gb.lib
                                          [ set_bk_t.o ]
C:\Users\work\AppData\Local\Temp/_gbstools/gbdk/lib/small/asxxxx/gb/gb.lib
                                          [ set_xy_t.o ]

ASxxxx Linker V03.00 + NoICE + sdld,  page 86.

User Base Address Definitions

_DATA=0xC0A0
_CODE=0x0200
ASxxxx Linker V03.00 + NoICE + sdld,  page 87.

User Global Definitions

.STACK=0xDF00
_shadow_OAM=0xC000
.refresh_OAM=0xFF80
__start_save=12

